
2026-08-20 10:06:57,904 [INFO] Starting daily scrape for 94 parts...
2026-08-20 10:06:59,645 [WARNING] NO MATCH: AMD Ryzen 5 5500GT | Umart | query='ryzen 5 5500gt' (got 4 raw results)
2026-08-20 10:07:02,107 [INFO] OK: AMD Ryzen 5 5500GT | MSY | $178.00 | stock=in_stock | AMD Ryzen 5 5500GT 6 Core AM4 4.40GHz CPU Processor (100-100001489BOX)
2026-08-20 10:07:09,214 [INFO] OK: AMD Ryzen 5 5500GT | PLE Computers | $189.00 | stock=unknown | AMD Ryzen 5 5500GT 6 Core 12 Thread Up To 4.4GHz AM4 - With Wraith Stealth Cooler
2026-08-20 10:07:14,981 [WARNING] NO MATCH: AMD Ryzen 5 5600GT | Umart | query='ryzen 5 5600gt' (got 6 raw results)
2026-08-20 10:07:17,415 [WARNING] NO MATCH: AMD Ryzen 5 5600GT | MSY | query='amd_cpu' (got 20 raw results)
2026-08-20 10:07:19,005 [INFO] OK: AMD Ryzen 5 5600GT | PLE Computers | $204.00 | stock=unknown | AMD Ryzen 5 5600GT 6 Core 12 Thread Up To 4.6GHz AM4 - With Wraith Stealth Cooler
2026-08-20 10:07:23,767 [WARNING] NO MATCH: AMD Ryzen 5 5500 | Umart | query='ryzen 5 5500' (got 5 raw results)
2026-08-20 10:07:26,200 [INFO] OK: AMD Ryzen 5 5500 | MSY | $120.00 | stock=in_stock | AMD Ryzen 5 5500 6 Core AM4 4.20GHz CPU Processor with Wraith Stealth Cooler (100-100000457BOX)
2026-08-20 10:07:31,715 [INFO] OK: AMD Ryzen 5 5500 | PLE Computers | $134.00 | stock=unknown | AMD Ryzen 5 5500 6 Core 12 Thread Up To 4.2Ghz AM4 - With Wraith Stealth Cooler
2026-08-20 10:07:37,654 [WARNING] NO MATCH: AMD Ryzen 5 5600 | Umart | query='ryzen 5 5600' (got 18 raw results)
2026-08-20 10:07:40,048 [INFO] OK: AMD Ryzen 5 5600 | MSY | $172.00 | stock=in_stock | AMD Ryzen 5 5600 6 Core AM4 4.4Ghz CPU Processor with Wraith Stealth Cooler (100-100000927BOX)
2026-08-20 10:07:45,728 [INFO] OK: AMD Ryzen 5 5600 | PLE Computers | $169.00 | stock=unknown | AMD Ryzen 5 5600 6 Core 12 Thread Up To 4.4Ghz AM4 - With Wraith Stealth Cooler
2026-08-20 10:07:50,988 [WARNING] NO MATCH: AMD Ryzen 5 5600X | Umart | query='ryzen 5 5600x' (got 16 raw results)
2026-08-20 10:07:53,416 [INFO] OK: AMD Ryzen 5 5600X | MSY | $218.00 | stock=in_stock | AMD Ryzen 5 5600X 6 Core AM4 4.6GHz CPU Processor (100-100000065BOX)
2026-08-20 10:07:58,521 [INFO] OK: AMD Ryzen 5 5600X | PLE Computers | $222.00 | stock=unknown | AMD Ryzen 5 5600X 6 Core 12 Thread Up To 4.6Ghz AM4 - With Wraith Stealth Cooler
2026-08-20 10:08:03,176 [WARNING] NO MATCH: AMD Ryzen 7 5700X | Umart | query='5700x' (got 9 raw results)
2026-08-20 10:08:05,702 [INFO] OK: AMD Ryzen 7 5700X | MSY | $298.00 | stock=in_stock | AMD Ryzen 7 5700X 8 Core AM4 4.6GHz CPU Processor (100-100000926WOF)
2026-08-20 10:08:12,162 [INFO] OK: AMD Ryzen 7 5700X | PLE Computers | $299.00 | stock=unknown | AMD Ryzen 7 5700X 8 Core 16 Thread Up To 4.6Ghz AM4 - No HSF Retail Box
2026-08-20 10:08:18,461 [WARNING] NO MATCH: AMD Ryzen 7 5800X3D | Umart | query='5800x3d' (got 2 raw results)
2026-08-20 10:08:20,867 [INFO] OK: AMD Ryzen 7 5800X3D | MSY | $549.00 | stock=in_stock | AMD Ryzen 7 5800X3D 8 Core AM4 4.5GHz CPU Processor (100-100000651POF)
2026-08-20 10:08:26,522 [INFO] OK: AMD Ryzen 7 5800X3D | PLE Computers | $549.00 | stock=unknown | AMD Ryzen 7 5800X3D 8 Core 16 Thread Up to 4.5GHz AM4 - No HSF Retail Box - 10th Anniversary Edition
2026-08-20 10:08:31,455 [WARNING] NO MATCH: AMD Ryzen 5 7500F | Umart | query='ryzen 5 7500f' (got 7 raw results)
2026-08-20 10:08:33,800 [WARNING] NO MATCH: AMD Ryzen 5 7500F | MSY | query='amd_cpu' (got 20 raw results)
2026-08-20 10:08:35,367 [INFO] OK: AMD Ryzen 5 7500F | PLE Computers | $239.00 | stock=unknown | AMD Ryzen 5 7500F 6 Core 12 Thread Up To 5.0GHz AM5 - With Wraith Stealth Cooler
2026-08-20 10:08:40,797 [WARNING] NO MATCH: AMD Ryzen 5 7500X3D | Umart | query='ryzen 5 7500x3d' (got 16 raw results)
2026-08-20 10:08:43,169 [WARNING] NO MATCH: AMD Ryzen 5 7500X3D | MSY | query='amd_cpu' (got 20 raw results)
2026-08-20 10:08:44,780 [INFO] OK: AMD Ryzen 5 7500X3D | PLE Computers | $399.00 | stock=unknown | AMD Ryzen 5 7500X3D 6 Core 12 Thread Up To 4.5GHz AM5 - No HSF Retail Box
2026-08-20 10:08:50,169 [INFO] OK: AMD Ryzen 5 7600 | MSY | $285.00 | stock=in_stock | AMD Ryzen 5 7600 6 Core AM5 5.1GHz CPU Processor with Wraith Stealth Cooler (100-100001015BOX)
2026-08-20 10:08:55,945 [INFO] OK: AMD Ryzen 5 7600 | PLE Computers | $289.00 | stock=unknown | AMD Ryzen 5 7600 6 Core 12 Thread Up To 5.2GHz AM5 - With Wraith Stealth Cooler
2026-08-20 10:09:03,729 [INFO] OK: AMD Ryzen 5 7600X | MSY | $298.00 | stock=in_stock | AMD Ryzen 5 7600X 6 Core AM5 5.3GHz CPU Processor (100-100000593WOF)
2026-08-20 10:09:09,098 [INFO] OK: AMD Ryzen 5 7600X | PLE Computers | $299.00 | stock=unknown | AMD Ryzen 5 7600X 6 Core 12 Thread Up To 5.3GHz AM5 - No HSF Retail Box
2026-08-20 10:09:15,278 [WARNING] NO MATCH: AMD Ryzen 5 9600 | Umart | query='ryzen 5 9600' (got 15 raw results)
2026-08-20 10:09:17,761 [INFO] OK: AMD Ryzen 5 9600 | MSY | $329.00 | stock=in_stock | AMD Ryzen 5 9600 6 Core AM5 3.8GHz CPU Processor (100-100000718BOX)
2026-08-20 10:09:22,298 [INFO] OK: AMD Ryzen 5 9600 | PLE Computers | $329.00 | stock=unknown | AMD Ryzen 5 9600 6 Core 12 Thread Up to 5.2GHz AM5 - With Wraith Stealth Cooler
2026-08-20 10:09:29,786 [WARNING] NO MATCH: AMD Ryzen 5 9600X | Umart | query='ryzen 5 9600x' (got 18 raw results)
2026-08-20 10:09:32,333 [INFO] OK: AMD Ryzen 5 9600X | MSY | $348.00 | stock=in_stock | AMD Ryzen 5 9600X 6 Core AM5 5.40GHz CPU Processor (100-100001405WOF)
2026-08-20 10:09:37,788 [INFO] OK: AMD Ryzen 5 9600X | PLE Computers | $349.00 | stock=unknown | AMD Ryzen 5 9600X 6 Core 12 Thread Up To 5.4GHz AM5 - No HSF Retail Box
2026-08-20 10:09:43,227 [WARNING] NO MATCH: AMD Ryzen 5 9500F | Umart | query='ryzen 5 9500f' (got 21 raw results)
2026-08-20 10:09:45,572 [WARNING] NO MATCH: AMD Ryzen 5 9500F | MSY | query='amd_cpu' (got 20 raw results)
2026-08-20 10:09:47,218 [INFO] OK: AMD Ryzen 5 9500F | PLE Computers | $304.00 | stock=unknown | AMD Ryzen 5 9500F 6 Core 12 Thread up to 5GHz AM5 - With Wraith Stealth Cooler
2026-08-20 10:09:52,224 [WARNING] NO MATCH: AMD Ryzen 7 7700X | Umart | query='ryzen 7 7700x' (got 20 raw results)
2026-08-20 10:09:54,597 [INFO] OK: AMD Ryzen 7 7700X | MSY | $449.00 | stock=in_stock | AMD Ryzen 7 7700X 8 Core AM5 5.4 GHz CPU Processor (100-100000591WOF)
2026-08-20 10:10:01,074 [INFO] OK: AMD Ryzen 7 7700X | PLE Computers | $489.00 | stock=unknown | AMD Ryzen 7 7700X 8 Core 16 Thread Up To 5.4GHz AM5 - No HSF Retail Box
2026-08-20 10:10:06,348 [WARNING] NO MATCH: AMD Ryzen 7 7800X3D | Umart | query='7800x3d' (got 17 raw results)
2026-08-20 10:10:08,684 [INFO] OK: AMD Ryzen 7 7800X3D | MSY | $549.00 | stock=in_stock | AMD Ryzen 7 7800X3D 8 Core AM5 5GHz CPU Processor (100-100000910WOF)
2026-08-20 10:10:13,911 [INFO] OK: AMD Ryzen 7 7800X3D | PLE Computers | $579.00 | stock=unknown | AMD Ryzen 7 7800X3D 8 Core 16 Thread Up To 5.0GHz AM5 - No HSF Retail Box
2026-08-20 10:10:18,754 [WARNING] NO MATCH: AMD Ryzen 7 9800X3D | Umart | query='9800x3d' (got 11 raw results)
2026-08-20 10:10:21,162 [INFO] OK: AMD Ryzen 7 9800X3D | MSY | $648.00 | stock=in_stock | AMD Ryzen 7 9800X3D 8 Core AM5 5.2GHz CPU Processor (100-100001084WOF)
2026-08-20 10:10:26,858 [INFO] OK: AMD Ryzen 7 9800X3D | PLE Computers | $674.00 | stock=unknown | AMD Ryzen 7 9800X3D 8 Core 16 Thread Up to 5.20GHz AM5 - No HSF Retail Box
2026-08-20 10:10:32,866 [WARNING] NO MATCH: AMD Ryzen 9 7900X | Umart | query='ryzen 9 7900x' (got 20 raw results)
2026-08-20 10:10:35,364 [WARNING] NO MATCH: AMD Ryzen 9 7900X | MSY | query='amd_cpu' (got 20 raw results)
2026-08-20 10:10:37,028 [INFO] OK: AMD Ryzen 9 7900X | PLE Computers | $589.00 | stock=unknown | AMD Ryzen 9 7900X 12 Core 24 Thread Up To 5.6GHz AM5 - No HSF Retail Box
2026-08-20 10:10:41,584 [WARNING] NO MATCH: AMD Ryzen 9 7950X | Umart | query='ryzen 9 7950x' (got 5 raw results)
2026-08-20 10:10:44,222 [WARNING] NO MATCH: AMD Ryzen 9 7950X | MSY | query='amd_cpu' (got 20 raw results)
2026-08-20 10:10:45,866 [WARNING] NO MATCH: AMD Ryzen 9 7950X | PLE Computers | query='ple_amd_cpu' (got 67 raw results)
2026-08-20 10:10:47,897 [WARNING] NO MATCH: AMD Ryzen 9 9900X3D | Umart | query='9900x3d' (got 13 raw results)
2026-08-20 10:10:50,303 [INFO] OK: AMD Ryzen 9 9900X3D | MSY | $885.00 | stock=in_stock | AMD Ryzen 9 9900X3D 12 Core AM5 5.5GHz CPU Processor (100-100001368WOF)
2026-08-20 10:10:57,431 [INFO] OK: AMD Ryzen 9 9900X3D | PLE Computers | $888.00 | stock=unknown | AMD Ryzen 9 9900X3D 12 Core 24 Thread Up To 5.5GHz AM5 - No HSF Retail Box
2026-08-20 10:11:02,055 [WARNING] NO MATCH: AMD Ryzen 9 9950X | Umart | query='ryzen 9 9950x' (got 8 raw results)
2026-08-20 10:11:04,432 [INFO] OK: AMD Ryzen 9 9950X | MSY | $889.00 | stock=in_stock | AMD Ryzen 9 9950X 16-Core AM5 5.7 GHz CPU Processor (100-100001277WOF)
2026-08-20 10:11:11,167 [INFO] OK: AMD Ryzen 9 9950X | PLE Computers | $889.00 | stock=unknown | AMD Ryzen 9 9950X 16 Core 32 Thread Up To 5.7GHz AM5 - No HSF Retail Box
2026-08-20 10:11:18,534 [INFO] OK: AMD Ryzen 9 9950X3D | MSY | $1148.00 | stock=in_stock | AMD Ryzen 9 9950X3D 16 Core AM5 5.7GHz CPU Processor (100-100000719WOF)
2026-08-20 10:11:23,951 [INFO] OK: AMD Ryzen 9 9950X3D | PLE Computers | $1039.00 | stock=unknown | AMD Ryzen 9 9950X3D 16 Core 32 Thread Up To 5.7GHz AM5 - No HSF Retail Box
2026-08-20 10:11:31,087 [WARNING] NO MATCH: AMD Ryzen 9 9950X3D2 | MSY | query='amd_cpu' (got 20 raw results)
2026-08-20 10:11:32,842 [INFO] OK: AMD Ryzen 9 9950X3D2 | PLE Computers | $1389.00 | stock=unknown | AMD Ryzen 9 9950X3D2 Dual Edition 16 Core 32 Thread Up to 5.6GHz AM5 - No HSF Retail Box
2026-08-20 10:11:39,575 [INFO] OK: Intel Core i5-13400F | Umart | $249.00 | stock=unknown | Intel Core i5 13400F 10 Core LGA 1700 4.6GHz CPU Processor (BX8071513400F)
2026-08-20 10:11:46,566 [WARNING] NO MATCH: Intel Core i5-13400F | MSY | query='intel_cpu' (got 20 raw results)
2026-08-20 10:11:48,269 [WARNING] NO MATCH: Intel Core i5-13400F | PLE Computers | query='ple_intel_cpu' (got 39 raw results)
2026-08-20 10:11:50,427 [INFO] OK: Intel Core i5-14400F | Umart | $1849.00 | stock=in_stock | G5 Intel i5 14400F GeForce RTX 5060 Gaming PC 60437
2026-08-20 10:11:55,934 [INFO] OK: Intel Core i5-14400F | MSY | $255.00 | stock=in_stock | Intel Core i5-14400F 10 Core 4.70 GHz LGA 1700 Boxed CPU Processor (BX8071514400F)
2026-08-20 10:12:00,450 [INFO] OK: Intel Core i5-14400F | PLE Computers | $259.00 | stock=unknown | Intel Core i5 14400F Raptor Lake 10 Core 16 Thread Up To 4.7GHz LGA1700
2026-08-20 10:12:05,851 [INFO] OK: Intel Core i5-12400F | MSY | $209.00 | stock=in_stock | Intel Core i5 12400F 6 Core LGA 1700 CPU Processor (BX8071512400F)
2026-08-20 10:12:12,935 [WARNING] NO MATCH: Intel Core i5-12400F | PLE Computers | query='ple_intel_cpu' (got 39 raw results)
2026-08-20 10:12:15,049 [WARNING] NO MATCH: Intel Core i7-14700K | Umart | query='14700k' (got 20 raw results)
2026-08-20 10:12:17,221 [INFO] OK: Intel Core i7-14700K | MSY | $599.00 | stock=in_stock | Intel Core i7 14700K 20 Core LGA 1700 CPU Processor (BX8071514700K)
2026-08-20 10:12:22,528 [WARNING] NO MATCH: Intel Core i7-14700K | PLE Computers | query='ple_intel_cpu' (got 39 raw results)
2026-08-20 10:12:24,604 [WARNING] NO MATCH: Intel Core i9-14900K | Umart | query='14900k' (got 20 raw results)
2026-08-20 10:12:26,763 [INFO] OK: Intel Core i9-14900K | MSY | $739.00 | stock=in_stock | Intel Core i9 14900K 24 Core LGA 1700 CPU Processor (BX8071514900K)
2026-08-20 10:12:31,003 [INFO] OK: Intel Core i9-14900K | PLE Computers | $1099.00 | stock=unknown | Intel Core i9 14900KS Raptor Lake 24 Core 32 Thread Up To 6.2GHz LGA1700 - No HSF Retail Box
2026-08-20 10:12:36,267 [WARNING] NO MATCH: Intel Core Ultra 5 245K | Umart | query='ultra 5 245k' (got 4 raw results)
2026-08-20 10:12:38,613 [INFO] OK: Intel Core Ultra 5 245K | MSY | $339.00 | stock=in_stock | Intel Core Ultra 5 14 Core LGA 1851 245K 5.20GHz CPU Processor (BX80768245K)
2026-08-20 10:12:45,093 [INFO] OK: Intel Core Ultra 5 245K | PLE Computers | $329.00 | stock=unknown | Intel Core Ultra 5 245K Arrow Lake 14 Core 14 Thread Up To 5.2GHz LGA1851 - No HSF Retail Box
2026-08-20 10:12:50,335 [WARNING] NO MATCH: Intel Core Ultra 7 265K | MSY | query='intel_cpu' (got 20 raw results)
2026-08-20 10:12:52,001 [WARNING] NO MATCH: Intel Core Ultra 7 265K | PLE Computers | query='ple_intel_cpu' (got 39 raw results)
2026-08-20 10:12:53,685 [WARNING] NO MATCH: Intel Core Ultra 9 285K | Umart | query='ultra 9 285k' (got 1 raw results)
2026-08-20 10:12:55,844 [WARNING] NO MATCH: Intel Core Ultra 9 285K | MSY | query='intel_cpu' (got 20 raw results)
2026-08-20 10:12:57,199 [INFO] OK: Intel Core Ultra 9 285K | PLE Computers | $1019.00 | stock=unknown | Intel Core Ultra 9 285K Arrow Lake 24 Core 24 Thread Up To 5.7GHz LGA1851 - No HSF Retail Box
2026-08-20 10:13:03,254 [WARNING] NO MATCH: NVIDIA RTX 3060 | Umart | query='rtx 3060' (got 21 raw results)
2026-08-20 10:13:06,312 [WARNING] NO MATCH: NVIDIA RTX 3060 | MSY | query='gpu_all' (got 25 raw results)
2026-08-20 10:13:08,428 [WARNING] NO MATCH: NVIDIA RTX 3060 | PLE Computers | query='ple_gpu_all' (got 100 raw results)
2026-08-20 10:13:10,600 [WARNING] NO MATCH: NVIDIA RTX 4060 | Umart | query='rtx 4060' (got 21 raw results)
2026-08-20 10:13:12,597 [INFO] OK: NVIDIA RTX 4060 | MSY | $465.00 | stock=unknown | Asus ProArt GeForce RTX 4060 OC 8G Graphics Card (PROART-RTX4060-O8G)
2026-08-20 10:13:19,756 [WARNING] NO MATCH: NVIDIA RTX 4060 | PLE Computers | query='ple_gpu_all' (got 100 raw results)
2026-08-20 10:13:21,693 [WARNING] NO MATCH: NVIDIA RTX 4060 Ti | Umart | query='rtx 4060 ti' (got 8 raw results)
2026-08-20 10:13:24,370 [WARNING] NO MATCH: NVIDIA RTX 4060 Ti | MSY | query='gpu_all' (got 25 raw results)
2026-08-20 10:13:26,918 [WARNING] NO MATCH: NVIDIA RTX 4060 Ti | PLE Computers | query='ple_gpu_all' (got 100 raw results)
2026-08-20 10:13:29,235 [WARNING] NO MATCH: NVIDIA RTX 5060 | Umart | query='rtx 5060' (got 20 raw results)
2026-08-20 10:13:31,439 [INFO] OK: NVIDIA RTX 5060 | MSY | $599.00 | stock=in_stock | Asus Dual GeForce RTX 5060 8GB OC Graphics Card (DUAL-RTX5060-O8G)
2026-08-20 10:13:38,621 [INFO] OK: NVIDIA RTX 5060 | PLE Computers | $619.00 | stock=unknown | ASUS GeForce RTX 5060 Prime 8GB GDDR7
2026-08-20 10:13:43,455 [WARNING] NO MATCH: NVIDIA RTX 5060 Ti | Umart | query='rtx 5060 ti' (got 20 raw results)
2026-08-20 10:13:45,730 [INFO] OK: NVIDIA RTX 5060 Ti | MSY | $729.00 | stock=in_stock | Asus Dual GeForce RTX 5060 Ti O8G Graphics Card (DUAL-RTX5060TI-O8G)
2026-08-20 10:13:51,369 [INFO] OK: NVIDIA RTX 5060 Ti | PLE Computers | $769.00 | stock=unknown | ASUS GeForce RTX 5060 Ti Dual OC 8GB GDDR7
2026-08-20 10:13:56,349 [INFO] OK: NVIDIA RTX 5070 | MSY | $1199.00 | stock=in_stock | Asus Prime GeForce RTX 5070 12G Graphics Card (PRIME-RTX5070-12G)
2026-08-20 10:14:01,289 [INFO] OK: NVIDIA RTX 5070 | PLE Computers | $1389.00 | stock=unknown | ASUS GeForce RTX 5070 Prime 12GB GDDR7
2026-08-20 10:14:07,267 [WARNING] NO MATCH: NVIDIA RTX 5070 Ti | Umart | query='rtx 5070 ti' (got 20 raw results)
2026-08-20 10:14:09,913 [INFO] OK: NVIDIA RTX 5070 Ti | MSY | $1729.00 | stock=in_stock | Asus Prime GeForce RTX 5070 Ti OC 16G Graphics Card (PRIME-RTX5070TI-O16G)
2026-08-20 10:14:16,186 [INFO] OK: NVIDIA RTX 5070 Ti | PLE Computers | $2149.00 | stock=unknown | Gigabyte GeForce RTX 5070 Ti Gaming OC 16GB GDDR7
2026-08-20 10:14:22,669 [WARNING] NO MATCH: NVIDIA RTX 5080 | Umart | query='rtx 5080' (got 20 raw results)
2026-08-20 10:14:24,802 [INFO] OK: NVIDIA RTX 5080 | MSY | $2199.00 | stock=in_stock | Asus PRIME GeForce RTX 5080 16G Graphics Card (PRIME-RTX5080-16G)
2026-08-20 10:14:31,569 [INFO] OK: NVIDIA RTX 5080 | PLE Computers | $2699.00 | stock=unknown | ASUS GeForce RTX 5080 ProArt OC 16GB GDDR7
2026-08-20 10:14:37,885 [WARNING] NO MATCH: NVIDIA RTX 5090 | Umart | query='rtx 5090' (got 20 raw results)
2026-08-20 10:14:39,938 [INFO] OK: NVIDIA RTX 5090 | MSY | $7599.00 | stock=in_stock | Gigabyte GeForce RTX 5090 Gaming OC 32G Graphics Card (GV-N5090GAMING OC-32GD)
2026-08-20 10:14:45,443 [INFO] OK: NVIDIA RTX 5090 | PLE Computers | $7899.00 | stock=unknown | Gigabyte AORUS GeForce RTX 5090 STEALTH ICE 32GB GDDR7
2026-08-20 10:14:52,378 [WARNING] NO MATCH: AMD Radeon RX 7600 | Umart | query='rx 7600' (got 6 raw results)
2026-08-20 10:14:55,041 [WARNING] NO MATCH: AMD Radeon RX 7600 | MSY | query='gpu_all' (got 25 raw results)
2026-08-20 10:14:57,443 [INFO] OK: AMD Radeon RX 7600 | PLE Computers | $489.00 | stock=unknown | XFX SPEEDSTER SWFT 210 Radeon RX 7600 Core Edition 8GB GDDR6
2026-08-20 10:15:04,620 [WARNING] NO MATCH: AMD Radeon RX 7900 XTX | MSY | query='gpu_rx_7900xtx' (got 0 raw results)
2026-08-20 10:15:06,801 [WARNING] NO MATCH: AMD Radeon RX 7900 XTX | PLE Computers | query='ple_gpu_all' (got 100 raw results)
2026-08-20 10:15:08,388 [WARNING] NO MATCH: XFX Speedster RX 7900 XTX | Umart | query='xfx speedster rx 7900 xtx' (got 0 raw results)
2026-08-20 10:15:10,985 [WARNING] NO MATCH: XFX Speedster RX 7900 XTX | MSY | query='gpu_all' (got 25 raw results)
2026-08-20 10:15:13,115 [WARNING] NO MATCH: XFX Speedster RX 7900 XTX | PLE Computers | query='ple_gpu_all' (got 100 raw results)
2026-08-20 10:15:15,127 [WARNING] NO MATCH: AMD Radeon RX 9060 XT | Umart | query='rx 9060 xt' (got 20 raw results)
2026-08-20 10:15:17,146 [INFO] OK: AMD Radeon RX 9060 XT | MSY | $749.00 | stock=in_stock | Asus Dual Radeon RX 9060 XT 16G Graphics Card (DUAL-RX9060XT-16G)
2026-08-20 10:15:24,397 [INFO] OK: AMD Radeon RX 9060 XT | PLE Computers | $839.00 | stock=unknown | XFX Swift Radeon RX 9060 XT OC Triple Fan 16GB GDDR6
2026-08-20 10:15:31,822 [WARNING] NO MATCH: AMD Radeon RX 9070 | Umart | query='rx 9070' (got 20 raw results)
2026-08-20 10:15:34,455 [INFO] OK: AMD Radeon RX 9070 | MSY | $959.00 | stock=in_stock | Sapphire Radeon RX 9070 Pure Gaming 16G OC Graphics Card (11349-02-20G)
2026-08-20 10:15:41,405 [WARNING] NO MATCH: AMD Radeon RX 9070 | PLE Computers | query='ple_gpu_all' (got 100 raw results)
2026-08-20 10:15:43,073 [WARNING] NO MATCH: Gigabyte Gaming RX 9070 | Umart | query='gigabyte gaming rx 9070' (got 5 raw results)
2026-08-20 10:15:45,697 [INFO] OK: Gigabyte Gaming RX 9070 | MSY | $939.00 | stock=in_stock | Gigabyte Radeon RX 9070 Gaming 16G OC Graphics Card (R9070GAMING-OC-16GD)
2026-08-20 10:15:52,422 [WARNING] NO MATCH: Gigabyte Gaming RX 9070 | PLE Computers | query='ple_gpu_all' (got 100 raw results)
2026-08-20 10:15:55,216 [INFO] OK: AMD Radeon RX 9070 XT | MSY | $1199.00 | stock=in_stock | Asus Prime Radeon RX 9070 XT 16G OC Graphics Card (PRIME-RX9070XT-O16G)
2026-08-20 10:16:02,869 [INFO] OK: AMD Radeon RX 9070 XT | PLE Computers | $1349.00 | stock=unknown | SAPPHIRE PURE Radeon RX 9070 XT 16GB GDDR6
2026-08-20 10:16:08,429 [WARNING] NO MATCH: Gigabyte Radeon RX 9070 GRE | MSY | query='gpu_all' (got 25 raw results)
2026-08-20 10:16:10,523 [INFO] OK: Gigabyte Radeon RX 9070 GRE | PLE Computers | $949.00 | stock=unknown | Gigabyte Radeon RX 9070 GRE Gaming OC 12GB GDDR6
2026-08-20 10:16:17,484 [WARNING] NO MATCH: Asus Prime RX 9070 XT | Umart | query='asus prime rx 9070 xt' (got 4 raw results)
2026-08-20 10:16:20,210 [INFO] OK: Asus Prime RX 9070 XT | MSY | $1199.00 | stock=in_stock | Asus Prime Radeon RX 9070 XT 16G OC Graphics Card (PRIME-RX9070XT-O16G)
2026-08-20 10:16:26,191 [INFO] OK: Asus Prime RX 9070 XT | PLE Computers | $1609.00 | stock=unknown | ASUS Radeon RX 9070 XT TUF Gaming OC 16GB GDDR6
2026-08-20 10:16:31,206 [WARNING] NO MATCH: Sapphire Pulse RX 9070 XT | Umart | query='sapphire pulse rx 9070 xt' (got 1 raw results)
2026-08-20 10:16:33,877 [INFO] OK: Sapphire Pulse RX 9070 XT | MSY | $1249.00 | stock=in_stock | Sapphire Radeon RX 9070 XT Pure Gaming 16G OC Graphics Card (11348-02-20G)
2026-08-20 10:16:40,846 [INFO] OK: Sapphire Pulse RX 9070 XT | PLE Computers | $1349.00 | stock=unknown | SAPPHIRE PURE Radeon RX 9070 XT 16GB GDDR6
2026-08-20 10:16:47,921 [WARNING] NO MATCH: Corsair Vengence 16GB (2x8GB) DDR4 3200 | Umart | query='corsair lpx 16gb ddr4 3200' (got 2 raw results)
2026-08-20 10:16:50,433 [WARNING] NO MATCH: Corsair Vengence 16GB (2x8GB) DDR4 3200 | MSY | query='ddr4_ram' (got 21 raw results)
2026-08-20 10:16:52,586 [INFO] OK: Corsair Vengence 16GB (2x8GB) DDR4 3200 | PLE Computers | $269.00 | stock=unknown | Corsair Vengeance LPX 16GB Kit (2x8GB) DDR4-3200 C16
2026-08-20 10:16:59,322 [WARNING] NO MATCH: Kingston Fury Beast 16GB (2x8GB) DDR4 3200 | Umart | query='fury beast 16gb ddr4 3200' (got 2 raw results)
2026-08-20 10:17:01,753 [INFO] OK: Kingston Fury Beast 16GB (2x8GB) DDR4 3200 | MSY | $219.00 | stock=in_stock | Kingston 16GB (2x8GB) KF432C16BB2AK2/16 Fury Beast RGB 3200MHz DDR4 RAM
2026-08-20 10:17:08,282 [INFO] OK: Kingston Fury Beast 16GB (2x8GB) DDR4 3200 | PLE Computers | $565.00 | stock=unknown | Kingston FURY Beast RGB 16GB Kit (2X8GB) DDR4-3200 C16
2026-08-20 10:17:13,958 [WARNING] NO MATCH: G.Skill Ripjaws V 16GB (2x8GB) DDR4 3600 | Umart | query='ripjaws v 16gb ddr4 3600' (got 3 raw results)
2026-08-20 10:17:16,479 [INFO] OK: G.Skill Ripjaws V 16GB (2x8GB) DDR4 3600 | MSY | $189.00 | stock=in_stock | G.Skill 16GB (2x8GB) F4-3600C18D-16GVK Ripjaws V 3600MHz CL18 DDR4 RAM
2026-08-20 10:17:22,910 [INFO] OK: G.Skill Ripjaws V 16GB (2x8GB) DDR4 3600 | PLE Computers | $229.00 | stock=unknown | G.Skill Ripjaws V 16GB Kit (2x8GB) DDR4-3600 C18
2026-08-20 10:17:28,795 [WARNING] NO MATCH: Adata 16GB (2x8GB) DDR4 3200 XPG | Umart | query='adata 16gb ddr4 3200 xpg' (got 3 raw results)
2026-08-20 10:17:31,384 [WARNING] NO MATCH: Adata 16GB (2x8GB) DDR4 3200 XPG | MSY | query='ddr4_ram' (got 21 raw results)
2026-08-20 10:17:33,488 [WARNING] NO MATCH: Adata 16GB (2x8GB) DDR4 3200 XPG | PLE Computers | query='ple_ram' (got 100 raw results)
2026-08-20 10:17:35,924 [INFO] OK: G.Skill Ripjaws V 32GB (2x16GB) DDR4 3600 | MSY | $379.00 | stock=in_stock | G.Skill 32GB (2x16GB) F4-3600C18D-32GVK Ripjaws V 3600MHz CL18 DDR4 RAM
2026-08-20 10:17:40,582 [INFO] OK: G.Skill Ripjaws V 32GB (2x16GB) DDR4 3600 | PLE Computers | $479.00 | stock=unknown | G.Skill Trident Z RGB 32GB Kit (2x16GB) DDR4-3600 C18
2026-08-20 10:17:46,807 [WARNING] NO MATCH: Corsair Vengeance LPX 32GB (2x16GB) DDR4 3200 | Umart | query='vengeance lpx 32gb ddr4 3200' (got 1 raw results)
2026-08-20 10:17:49,294 [INFO] OK: Corsair Vengeance LPX 32GB (2x16GB) DDR4 3200 | MSY | $389.00 | stock=in_stock | Corsair 32GB (2x16GB) CMK32GX4M2E3200C16 Vengeance LPX CL16 3200MHz DDR4 RAM
2026-08-20 10:17:55,754 [WARNING] NO MATCH: Corsair Vengeance LPX 32GB (2x16GB) DDR4 3200 | PLE Computers | query='ple_ram' (got 100 raw results)
2026-08-20 10:17:57,496 [WARNING] NO MATCH: Kingston Fury Beast 32GB (2x16GB) DDR4 3200 | Umart | query='fury beast 32gb ddr4 3200' (got 3 raw results)
2026-08-20 10:18:00,035 [INFO] OK: Kingston Fury Beast 32GB (2x16GB) DDR4 3200 | MSY | $429.00 | stock=in_stock | Kingston 32GB (2x16GB) KF432C16BB2AK2/32 Fury Beast RGB 3200MHz DDR4 RAM
2026-08-20 10:18:07,230 [WARNING] NO MATCH: Kingston Fury Beast 32GB (2x16GB) DDR4 3200 | PLE Computers | query='ple_ram' (got 100 raw results)
2026-08-20 10:18:08,924 [WARNING] NO MATCH: Corsair Vengence 16GB (2x8GB) DDR5 5200 | Umart | query='corsair 16gb ddr5 5200' (got 2 raw results)
2026-08-20 10:18:11,381 [INFO] OK: Corsair Vengence 16GB (2x8GB) DDR5 5200 | MSY | $369.00 | stock=in_stock | Corsair 16GB (2x8GB) CMH16GX5M2B5200Z40 Vengeance RGB CL40 5200MHz DDR5 DRAM
2026-08-20 10:18:17,423 [INFO] OK: Corsair Vengence 16GB (2x8GB) DDR5 5200 | PLE Computers | $439.00 | stock=unknown | Corsair Vengeance RGB 16GB Kit (2x8GB) XMP/EXPO DDR5-5200 C40 (Grey)
2026-08-20 10:18:23,005 [WARNING] NO MATCH: Kingston 16GB (2x8GB) DDR5 6000 | Umart | query='kingston 16gb ddr5 6000' (got 2 raw results)
2026-08-20 10:18:25,330 [WARNING] NO MATCH: Kingston 16GB (2x8GB) DDR5 6000 | MSY | query='ddr5_ram' (got 20 raw results)
2026-08-20 10:18:27,455 [INFO] OK: Kingston 16GB (2x8GB) DDR5 6000 | PLE Computers | $579.00 | stock=unknown | Kingston FURY Beast 16GB Kit (2x8GB) DDR5-6000 C36
2026-08-20 10:18:32,377 [WARNING] NO MATCH: G.Skill Trident Z5 16GB (2x8GB) DDR5 6000 | Umart | query='trident z5 16gb ddr5 6000' (got 20 raw results)
2026-08-20 10:18:34,703 [WARNING] NO MATCH: G.Skill Trident Z5 16GB (2x8GB) DDR5 6000 | MSY | query='ddr5_ram' (got 20 raw results)
2026-08-20 10:18:36,837 [WARNING] NO MATCH: G.Skill Trident Z5 16GB (2x8GB) DDR5 6000 | PLE Computers | query='ple_ram' (got 100 raw results)
2026-08-20 10:18:38,782 [WARNING] NO MATCH: Corsair Vengeance 32GB (2x16GB) DDR5 6000 | Umart | query='vengeance 32gb ddr5 6000' (got 14 raw results)
2026-08-20 10:18:41,112 [INFO] OK: Corsair Vengeance 32GB (2x16GB) DDR5 6000 | MSY | $689.00 | stock=in_stock | Corsair 32GB (2x16GB) CMH32GX5M2B6000Z38 Vengeance RGB 6000MHz DDR5 RAM - Grey
2026-08-20 10:18:46,689 [INFO] OK: Corsair Vengeance 32GB (2x16GB) DDR5 6000 | PLE Computers | $789.00 | stock=unknown | Corsair Vengeance 32GB Kit (2x16GB) XMP DDR5-6000 C38
2026-08-20 10:18:52,696 [WARNING] NO MATCH: Kingston Fury Beast 32GB (2x16GB) DDR5 6000 | Umart | query='fury beast 32gb ddr5 6000' (got 4 raw results)
2026-08-20 10:18:55,044 [INFO] OK: Kingston Fury Beast 32GB (2x16GB) DDR5 6000 | MSY | $729.00 | stock=in_stock | Kingston 32GB (2x16GB) Fury Beast RGB CL36 6000MHz DDR5 RAM - White (KF560C36BWE2AK2-32)
2026-08-20 10:19:00,921 [INFO] OK: Kingston Fury Beast 32GB (2x16GB) DDR5 6000 | PLE Computers | $1099.00 | stock=unknown | Kingston FURY Beast RGB 32GB Kit (2x16GB) DDR5-6000 C36
2026-08-20 10:19:07,666 [WARNING] NO MATCH: Silicon Power XPOWER Zenith 32GB (2x16GB) DDR5 6000 | MSY | query='ddr5_ram' (got 20 raw results)
2026-08-20 10:19:09,735 [INFO] OK: Silicon Power XPOWER Zenith 32GB (2x16GB) DDR5 6000 | PLE Computers | $649.00 | stock=unknown | Lexar THOR G2 32GB Kit (2x16GB) DDR5-6000 C38
2026-08-20 10:19:16,877 [WARNING] NO MATCH: G.Skill Trident Z5 64GB (2x32GB) DDR5 6000 | MSY | query='ddr5_ram' (got 20 raw results)
2026-08-20 10:19:19,172 [WARNING] NO MATCH: G.Skill Trident Z5 64GB (2x32GB) DDR5 6000 | PLE Computers | query='ple_ram' (got 100 raw results)
2026-08-20 10:19:20,893 [WARNING] NO MATCH: Corsair Vengeance 64GB (2x32GB) DDR5 6000 | Umart | query='vengeance 64gb ddr5 6000' (got 4 raw results)
2026-08-20 10:19:23,157 [INFO] OK: Corsair Vengeance 64GB (2x32GB) DDR5 6000 | MSY | $1199.00 | stock=in_stock | Corsair 64GB (2x32GB) Vengeance CMK64GX5M2D6000Z40 CL40 6000MHz DDR5 RAM
2026-08-20 10:19:29,671 [WARNING] NO MATCH: Corsair Vengeance 64GB (2x32GB) DDR5 6000 | PLE Computers | query='ple_ram' (got 100 raw results)
2026-08-20 10:19:31,242 [WARNING] NO MATCH: Kingston Fury Beast 64GB (2x32GB) DDR5 5600 | Umart | query='kingston 64gb ddr5 5600' (got 1 raw results)
2026-08-20 10:19:33,579 [WARNING] NO MATCH: Kingston Fury Beast 64GB (2x32GB) DDR5 5600 | MSY | query='ddr5_ram' (got 20 raw results)
2026-08-20 10:19:35,659 [WARNING] NO MATCH: Kingston Fury Beast 64GB (2x32GB) DDR5 5600 | PLE Computers | query='ple_ram' (got 100 raw results)
2026-08-20 10:19:38,475 [WARNING] NO MATCH: TeamGroup Delta 96GB (2x48GB) DDR5 6800 | Umart | query='teamgroup delta 96gb ddr5 6800' (got 21 raw results)
2026-08-20 10:19:40,762 [WARNING] NO MATCH: TeamGroup Delta 96GB (2x48GB) DDR5 6800 | MSY | query='ddr5_ram' (got 20 raw results)
2026-08-20 10:19:42,856 [WARNING] NO MATCH: TeamGroup Delta 96GB (2x48GB) DDR5 6800 | PLE Computers | query='ple_ram' (got 100 raw results)
2026-08-20 10:19:45,602 [WARNING] NO MATCH: Corsair Vengence 96GB (2x48GB) DDR5 6000 | Umart | query='fury beast 128gb ddr5 5600' (got 21 raw results)
2026-08-20 10:19:48,124 [INFO] OK: Corsair Vengence 96GB (2x48GB) DDR5 6000 | MSY | $1999.00 | stock=in_stock | Corsair 96GB (2x48GB) CMH96GX5M2E6000Z36 Vengeance RGB 6000MT/s CL36 DDR5 RAM
2026-08-20 10:19:53,640 [WARNING] NO MATCH: Corsair Vengence 96GB (2x48GB) DDR5 6000 | PLE Computers | query='ple_ram' (got 100 raw results)
2026-08-20 10:19:55,209 [WARNING] NO MATCH: Kingston NV3 500GB NVMe SSD | Umart | query='kingston nv3 500gb' (got 1 raw results)
2026-08-20 10:19:57,831 [INFO] OK: Kingston NV3 500GB NVMe SSD | MSY | $168.00 | stock=in_stock | Kingston 500GB NV3 PCIe Gen4 M.2 2280 NVMe SSD (SNV3S/500G)
2026-08-20 10:20:05,361 [INFO] OK: Kingston NV3 500GB NVMe SSD | PLE Computers | $179.00 | stock=unknown | Kingston NV3 PCIe Gen4 NVMe M.2 SSD - 500GB
2026-08-20 10:20:10,514 [WARNING] NO MATCH: SP Silicon Power UD90 500GB NVMe SSD | Umart | query='sp silicon power ud90 500gb' (got 1 raw results)
2026-08-20 10:20:13,063 [WARNING] NO MATCH: SP Silicon Power UD90 500GB NVMe SSD | MSY | query='ssd' (got 22 raw results)
2026-08-20 10:20:15,197 [WARNING] NO MATCH: SP Silicon Power UD90 500GB NVMe SSD | PLE Computers | query='ple_ssd' (got 100 raw results)
2026-08-20 10:20:16,790 [WARNING] NO MATCH: Kingston NV3 1TB NVMe SSD | Umart | query='kingston nv3 1tb' (got 1 raw results)
2026-08-20 10:20:19,423 [INFO] OK: Kingston NV3 1TB NVMe SSD | MSY | $249.00 | stock=in_stock | Kingston 1TB NV3 PCIe Gen4 M.2 2280 NVMe SSD (SNV3S/1000G)
2026-08-20 10:20:25,602 [INFO] OK: Kingston NV3 1TB NVMe SSD | PLE Computers | $289.00 | stock=unknown | Kingston NV3 PCIe Gen4 NVMe M.2 SSD - 1TB
2026-08-20 10:20:32,512 [WARNING] NO MATCH: Samsung 990 Pro 1TB NVMe SSD | Umart | query='samsung 990 pro 1tb' (got 2 raw results)
2026-08-20 10:20:35,227 [WARNING] NO MATCH: Samsung 990 Pro 1TB NVMe SSD | MSY | query='ssd' (got 22 raw results)
2026-08-20 10:20:37,392 [INFO] OK: Samsung 990 Pro 1TB NVMe SSD | PLE Computers | $429.00 | stock=unknown | Samsung 990 Pro PCIe Gen4 NVMe M.2 SSD - 1TB
2026-08-20 10:20:42,600 [WARNING] NO MATCH: Kingston NV3 2TB NVMe SSD | Umart | query='kingston nv3 2tb' (got 1 raw results)
2026-08-20 10:20:45,259 [INFO] OK: Kingston NV3 2TB NVMe SSD | MSY | $449.00 | stock=in_stock | Kingston 2TB SNV3S/2000G NV3 PCIe 4.0 NVMe M.2 2280 SSD
2026-08-20 10:20:50,815 [INFO] OK: Kingston NV3 2TB NVMe SSD | PLE Computers | $529.00 | stock=unknown | Kingston NV3 PCIe Gen4 NVMe M.2 SSD - 2TB
2026-08-20 10:20:55,925 [WARNING] NO MATCH: Crucial P310 2TB NVMe SSD | Umart | query='crucial p310 2tb' (got 3 raw results)
2026-08-20 10:20:58,634 [INFO] OK: Crucial P310 2TB NVMe SSD | MSY | $429.00 | stock=in_stock | Crucial P310 2TB PCIe 4.0 M.2 NVMe 2230 SSD (CT2000P310SSD2)
2026-08-20 10:21:03,371 [WARNING] NO MATCH: Crucial P310 2TB NVMe SSD | PLE Computers | query='ple_ssd' (got 100 raw results)
2026-08-20 10:21:04,975 [WARNING] NO MATCH: Samsung 990 Pro 4TB PCIe 4.0 NVMe SSD | Umart | query='samsung 990 pro 4tb' (got 2 raw results)
2026-08-20 10:21:07,629 [INFO] OK: Samsung 990 Pro 4TB PCIe 4.0 NVMe SSD | MSY | $1199.00 | stock=in_stock | Samsung 990 Pro 4TB PCIe 4.0 M.2 2280 NVMe SSD (MZ-V9P4T0BW)
2026-08-20 10:21:14,780 [WARNING] NO MATCH: Samsung 990 Pro 4TB PCIe 4.0 NVMe SSD | PLE Computers | query='ple_ssd' (got 100 raw results)
2026-08-20 10:21:16,909 [WARNING] NO MATCH: Crucial 4TB PCIe 4.0 NVMe SSD | Umart | query='crucial 4tb' (got 11 raw results)
2026-08-20 10:21:19,483 [WARNING] NO MATCH: Crucial 4TB PCIe 4.0 NVMe SSD | MSY | query='ssd' (got 22 raw results)
2026-08-20 10:21:21,539 [WARNING] NO MATCH: Crucial 4TB PCIe 4.0 NVMe SSD | PLE Computers | query='ple_ssd' (got 100 raw results)
2026-08-20 10:21:23,426 [WARNING] NO MATCH: Gigabyte B550M K | Umart | query='b550m k' (got 10 raw results)
2026-08-20 10:21:25,623 [INFO] OK: Gigabyte B550M K | MSY | $109.00 | stock=in_stock | Gigabyte B550M K mATX AM4 Motherboard (GA-B550M-K)
2026-08-20 10:21:33,679 [INFO] OK: Gigabyte B550M K | PLE Computers | $119.00 | stock=unknown | Gigabyte B550M H ARGB AM4 mATX Desktop Motherboard
2026-08-20 10:21:40,754 [WARNING] NO MATCH: ASRock B550M Pro4 | Umart | query='b550m pro4' (got 21 raw results)
2026-08-20 10:21:42,751 [WARNING] NO MATCH: ASRock B550M Pro4 | MSY | query='mobo_amd_am4' (got 7 raw results)
2026-08-20 10:21:44,903 [WARNING] NO MATCH: ASRock B550M Pro4 | PLE Computers | query='ple_motherboards' (got 100 raw results)
2026-08-20 10:21:46,613 [WARNING] NO MATCH: MSI MAG B650 Tomahawk WiFi | Umart | query='mag b650 tomahawk' (got 1 raw results)
2026-08-20 10:21:49,136 [WARNING] NO MATCH: MSI MAG B650 Tomahawk WiFi | MSY | query='mobo_amd_am5' (got 25 raw results)
2026-08-20 10:21:51,173 [WARNING] NO MATCH: MSI MAG B650 Tomahawk WiFi | PLE Computers | query='ple_motherboards' (got 100 raw results)
2026-08-20 10:21:52,917 [WARNING] NO MATCH: Asus TUF Gaming B650-Plus WiFi | Umart | query='tuf gaming b650-plus wifi' (got 3 raw results)
2026-08-20 10:21:55,411 [INFO] OK: Asus TUF Gaming B650-Plus WiFi | MSY | $229.00 | stock=in_stock | Asus TUF Gaming B650EM-PLUS WiFi AM5 mATX Motherboard (TUF GAMING B650EM-PLUS WIFI)
2026-08-20 10:22:01,909 [INFO] OK: Asus TUF Gaming B650-Plus WiFi | PLE Computers | $279.00 | stock=unknown | ASUS TUF Gaming B650E-Plus WiFi AM5 ATX Desktop Motherboard
2026-08-20 10:22:06,931 [WARNING] NO MATCH: MSI B850 Gaming Plus WiFi | Umart | query='b850 gaming plus wifi' (got 3 raw results)
2026-08-20 10:22:09,765 [INFO] OK: MSI B850 Gaming Plus WiFi | MSY | $229.00 | stock=in_stock | MSI B850M Gaming Plus WiFi AM5 mATX Motherboard (B850M GAMING PLUS WIFI)
2026-08-20 10:22:16,323 [INFO] OK: MSI B850 Gaming Plus WiFi | PLE Computers | $299.00 | stock=unknown | MSI B850 Gaming Plus WiFi AM5 ATX Desktop Motherboard
2026-08-20 10:22:21,543 [WARNING] NO MATCH: Asus Prime X870-P WiFi CSM | Umart | query='x870-p wifi' (got 21 raw results)
2026-08-20 10:22:23,992 [INFO] OK: Asus Prime X870-P WiFi CSM | MSY | $339.00 | stock=in_stock | Asus Prime X870-P WiFi CSM AM5 ATX Motherboard (PRIME X870-P WIFI-CSM)
2026-08-20 10:22:28,678 [WARNING] NO MATCH: Asus Prime X870-P WiFi CSM | PLE Computers | query='ple_motherboards' (got 100 raw results)
2026-08-20 10:22:30,390 [WARNING] NO MATCH: MSI MAG X870 Tomahawk WiFi | Umart | query='mag x870 tomahawk wifi' (got 1 raw results)
2026-08-20 10:22:32,816 [WARNING] NO MATCH: MSI MAG X870 Tomahawk WiFi | MSY | query='mobo_amd_am5' (got 25 raw results)
2026-08-20 10:22:34,924 [WARNING] NO MATCH: MSI MAG X870 Tomahawk WiFi | PLE Computers | query='ple_motherboards' (got 100 raw results)
2026-08-20 10:22:36,492 [WARNING] NO MATCH: Asus Prime Z790-P WiFi CSM | Umart | query='prime z790-p wifi' (got 1 raw results)
2026-08-20 10:22:39,153 [INFO] OK: Asus Prime Z790-P WiFi CSM | MSY | $239.00 | stock=in_stock | ASUS Prime Z790-P LGA 1700 WiFi ATX Motherboard (PRIME Z790-P WIFI-CSM)
2026-08-20 10:22:46,508 [WARNING] NO MATCH: Asus Prime Z790-P WiFi CSM | PLE Computers | query='ple_motherboards' (got 100 raw results)
2026-08-20 10:22:48,184 [WARNING] NO MATCH: MSI PRO B760M-A WiFi | Umart | query='pro b760m-a wifi' (got 3 raw results)
2026-08-20 10:22:50,632 [INFO] OK: MSI PRO B760M-A WiFi | MSY | $189.00 | stock=in_stock | MSI Pro B760M-A WiFi DDR5 LGA 1700 mATX Motherboard (PRO B760M-A WIFI)
2026-08-20 10:22:56,557 [INFO] OK: MSI PRO B760M-A WiFi | PLE Computers | $199.00 | stock=unknown | MSI PRO B760M-A WIFI DDR4 LGA1700 mATX Desktop Motherboard
2026-08-20 10:23:01,303 [WARNING] NO MATCH: Gigabyte B860M Eagle WiFi6 | Umart | query='b860m eagle wifi6' (got 5 raw results)
2026-08-20 10:23:03,704 [INFO] OK: Gigabyte B860M Eagle WiFi6 | MSY | $188.00 | stock=in_stock | Gigabyte B860M EAGLE WIFI6 LGA 1851 mATX Motherboard (B860M EAGLE WIFI6)
2026-08-20 10:23:08,774 [WARNING] NO MATCH: Gigabyte B860M Eagle WiFi6 | PLE Computers | query='ple_motherboards' (got 100 raw results)
2026-08-20 10:23:10,406 [WARNING] NO MATCH: Asus TUF Gaming B860-Plus WiFi | Umart | query='tuf gaming b860-plus wifi' (got 1 raw results)
2026-08-20 10:23:12,716 [INFO] OK: Asus TUF Gaming B860-Plus WiFi | MSY | $309.00 | stock=in_stock | Asus TUF Gaming B860-PLUS WIFI LGA 1851 ATX Motherboard (TUF GAMING B860-PLUS WIFI)
2026-08-20 10:23:18,403 [INFO] OK: Asus TUF Gaming B860-Plus WiFi | PLE Computers | $279.00 | stock=unknown | ASUS TUF Gaming B860M-PLUS WiFi LGA1851 mATX Desktop Motherboard
2026-08-20 10:23:23,522 [WARNING] NO MATCH: Gigabyte 27in FHD IPS 240Hz Monitor | Umart | query='gigabyte 27in fhd 240hz ss ips' (got 1 raw results)
2026-08-20 10:23:26,465 [WARNING] NO MATCH: Gigabyte 27in FHD IPS 240Hz Monitor | MSY | query='monitor_general' (got 31 raw results)
2026-08-20 10:23:29,927 [WARNING] NO MATCH: Gigabyte 27in FHD IPS 240Hz Monitor | PLE Computers | query='ple_monitors' (got 100 raw results)
2026-08-20 10:23:31,572 [WARNING] NO MATCH: MSI MAG 27in FHD Rapid IPS 200Hz Monitor | Umart | query='msi mag 27in fhd rapid ips 200hz' (got 1 raw results)
2026-08-20 10:23:34,582 [WARNING] NO MATCH: MSI MAG 27in FHD Rapid IPS 200Hz Monitor | MSY | query='monitor_general' (got 31 raw results)
2026-08-20 10:23:37,519 [WARNING] NO MATCH: MSI MAG 27in FHD Rapid IPS 200Hz Monitor | PLE Computers | query='ple_monitors' (got 100 raw results)
2026-08-20 10:23:39,101 [WARNING] NO MATCH: MSI MAG 275QF-E20 WQHD Monitor | Umart | query='mag 275qf e20' (got 2 raw results)
2026-08-20 10:23:42,268 [WARNING] NO MATCH: MSI MAG 275QF-E20 WQHD Monitor | MSY | query='monitor_general' (got 31 raw results)
2026-08-20 10:23:45,090 [INFO] OK: MSI MAG 275QF-E20 WQHD Monitor | PLE Computers | $249.00 | stock=unknown | MSI MAG 275QF E20 - 27" 1440p 200Hz 0.5ms Rapid IPS Gaming Monitor
2026-08-20 10:23:51,596 [WARNING] NO MATCH: ASUS TUF 27in QHD 210Hz Fast IPS Monitor | Umart | query='asus tuf 27in qhd 210hz fast ips monitor' (got 3 raw results)
2026-08-20 10:23:54,824 [WARNING] NO MATCH: ASUS TUF 27in QHD 210Hz Fast IPS Monitor | MSY | query='monitor_general' (got 31 raw results)
2026-08-20 10:23:57,642 [WARNING] NO MATCH: ASUS TUF 27in QHD 210Hz Fast IPS Monitor | PLE Computers | query='ple_monitors' (got 100 raw results)
2026-08-20 10:23:59,454 [INFO] OK: Samsung Odyssey G7 27in 4K 144Hz Fast IPS | Umart | $699.00 | stock=in_stock | Samsung Odyssey G7 G70D 27in 4K UHD 144Hz Fast IPS FreeSync Premium Gaming Monitor (LS27DG702EEXXY)
2026-08-20 10:24:05,358 [WARNING] NO MATCH: Samsung Odyssey G7 27in 4K 144Hz Fast IPS | MSY | query='monitor_4k' (got 20 raw results)
2026-08-20 10:24:08,152 [WARNING] NO MATCH: Samsung Odyssey G7 27in 4K 144Hz Fast IPS | PLE Computers | query='ple_monitors' (got 100 raw results)
2026-08-20 10:24:10,983 [WARNING] NO MATCH: Asus ROG Strix Gen2 27in 4K UHD Fast IPS 160Hz | Umart | query='asus rog strix gen2 27in 4k uhd fast ips 160hz' (got 21 raw results)
2026-08-20 10:24:13,267 [WARNING] NO MATCH: Asus ROG Strix Gen2 27in 4K UHD Fast IPS 160Hz | MSY | query='monitor_4k' (got 20 raw results)
2026-08-20 10:24:16,099 [WARNING] NO MATCH: Asus ROG Strix Gen2 27in 4K UHD Fast IPS 160Hz | PLE Computers | query='ple_monitors' (got 100 raw results)
2026-08-20 10:24:17,709 [WARNING] NO MATCH: Asus ROG Swift PG27UCDM 4K QD-OLED Monitor | Umart | query='rog swift pg27ucdm' (got 2 raw results)
2026-08-20 10:24:19,659 [WARNING] NO MATCH: Asus ROG Swift PG27UCDM 4K QD-OLED Monitor | MSY | query='monitor_oled' (got 20 raw results)
2026-08-20 10:24:22,500 [WARNING] NO MATCH: Asus ROG Swift PG27UCDM 4K QD-OLED Monitor | PLE Computers | query='ple_monitors' (got 100 raw results)
2026-08-20 10:24:22,509 [INFO] Updated /home/runner/work/PC-Price-Tracker/PC-Price-Tracker/data/history.json
2026-08-20 10:24:22,835 [INFO] Sent Discord alert: 1 record low(s), 2 big drop(s)
2026-08-20 10:24:22,835 [INFO] Wrote debug snippets for 6 retailer(s) to /home/runner/work/PC-Price-Tracker/PC-Price-Tracker/debug_snippets.json
2026-08-20 10:24:22,835 [INFO] Done. 117/269 fetches succeeded. Wrote /home/runner/work/PC-Price-Tracker/PC-Price-Tracker/data/prices.json
